15:07:37  [main] 	Initializing Control Panel
15:07:37  [main] 	Windows Version:  Home  64-bit
15:07:37  [main] 	XAMPP Version: 5.6.30
15:07:37  [main] 	Control Panel Version: 3.2.2  [ Compiled: Nov 12th 2015 ]
15:07:37  [main] 	You are not running with administrator rights! This will work for
15:07:37  [main] 	most application stuff but whenever you do something with services
15:07:37  [main] 	there will be a security dialogue or things will break! So think 
15:07:37  [main] 	about running this application with administrator rights!
15:07:37  [main] 	XAMPP Installation Directory: "c:\xampp007\"
15:07:37  [main] 	Checking for prerequisites
15:07:38  [main] 	All prerequisites found
15:07:38  [main] 	Initializing Modules
15:07:38  [main] 	Starting Check-Timer
15:07:38  [main] 	Control Panel Ready
15:07:47  [Apache] 	Attempting to start Apache app...
15:07:47  [Apache] 	Status change detected: running
15:07:54  [mysql] 	Attempting to start MySQL app...
15:07:57  [mysql] 	Status change detected: running
15:10:31  [Apache] 	Status change detected: stopped
15:10:31  [Apache] 	Error: Apache shutdown unexpectedly.
15:10:31  [Apache] 	This may be due to a blocked port, missing dependencies, 
15:10:31  [Apache] 	improper privileges, a crash, or a shutdown by another method.
15:10:31  [Apache] 	Press the Logs button to view error logs and check
15:10:31  [Apache] 	the Windows Event Viewer for more clues
15:10:31  [Apache] 	If you need more help, copy and post this
15:10:31  [Apache] 	entire log window on the forums
15:10:33  [mysql] 	Status change detected: stopped
15:10:33  [mysql] 	Error: MySQL shutdown unexpectedly.
15:10:33  [mysql] 	This may be due to a blocked port, missing dependencies, 
15:10:33  [mysql] 	improper privileges, a crash, or a shutdown by another method.
15:10:33  [mysql] 	Press the Logs button to view error logs and check
15:10:33  [mysql] 	the Windows Event Viewer for more clues
15:10:33  [mysql] 	If you need more help, copy and post this
15:10:33  [mysql] 	entire log window on the forums
15:10:34  [Apache] 	Status change detected: running
15:10:37  [mysql] 	Status change detected: running
16:01:17  [main] 	Deinitializing Modules
16:01:17  [main] 	Deinitializing Control Panel

15:10:28  [main] 	Initializing Control Panel
15:10:28  [main] 	Windows Version:  Home  64-bit
15:10:28  [main] 	XAMPP Version: 5.6.30
15:10:28  [main] 	Control Panel Version: 3.2.2  [ Compiled: Nov 12th 2015 ]
15:10:28  [main] 	You are not running with administrator rights! This will work for
15:10:28  [main] 	most application stuff but whenever you do something with services
15:10:28  [main] 	there will be a security dialogue or things will break! So think 
15:10:28  [main] 	about running this application with administrator rights!
15:10:28  [main] 	XAMPP Installation Directory: "c:\xampp007\"
15:10:28  [main] 	Checking for prerequisites
15:10:28  [main] 	All prerequisites found
15:10:28  [main] 	Initializing Modules
15:10:28  [Apache] 	XAMPP Apache is already running on port 80
15:10:28  [Apache] 	XAMPP Apache is already running on port 443
15:10:28  [mysql] 	XAMPP MySQL is already running on port 3306
15:10:28  [main] 	Starting Check-Timer
15:10:28  [main] 	Control Panel Ready
15:10:31  [Apache] 	Attempting to stop Apache (PID: 9808)
15:10:31  [Apache] 	Attempting to stop Apache (PID: 3016)
15:10:31  [Apache] 	Status change detected: stopped
15:10:33  [mysql] 	Attempting to stop MySQL app...
15:10:33  [mysql] 	Status change detected: stopped
15:10:34  [Apache] 	Attempting to start Apache app...
15:10:35  [Apache] 	Status change detected: running
15:10:37  [mysql] 	Attempting to start MySQL app...
15:10:37  [mysql] 	Status change detected: running
16:01:17  [main] 	Deinitializing Modules
16:01:17  [main] 	Deinitializing Control Panel

10:06:49  [main] 	Initializing Control Panel
10:06:49  [main] 	Windows Version:  Home  64-bit
10:06:49  [main] 	XAMPP Version: 5.6.30
10:06:49  [main] 	Control Panel Version: 3.2.2  [ Compiled: Nov 12th 2015 ]
10:06:49  [main] 	You are not running with administrator rights! This will work for
10:06:49  [main] 	most application stuff but whenever you do something with services
10:06:49  [main] 	there will be a security dialogue or things will break! So think 
10:06:49  [main] 	about running this application with administrator rights!
10:06:49  [main] 	XAMPP Installation Directory: "c:\xampp007\"
10:06:49  [main] 	Checking for prerequisites
10:06:49  [main] 	All prerequisites found
10:06:49  [main] 	Initializing Modules
10:06:49  [main] 	Starting Check-Timer
10:06:49  [main] 	Control Panel Ready
10:06:52  [Apache] 	Attempting to start Apache app...
10:06:52  [Apache] 	Status change detected: running
10:06:53  [mysql] 	Attempting to start MySQL app...
10:06:54  [mysql] 	Status change detected: running
10:12:26  [main] 	Deinitializing Modules
10:12:26  [main] 	Deinitializing Control Panel

10:06:48  [main] 	Initializing Control Panel
10:06:48  [main] 	Windows Version:  Home  64-bit
10:06:48  [main] 	XAMPP Version: 5.6.30
10:06:48  [main] 	Control Panel Version: 3.2.2  [ Compiled: Nov 12th 2015 ]
10:06:48  [main] 	You are not running with administrator rights! This will work for
10:06:48  [main] 	most application stuff but whenever you do something with services
10:06:48  [main] 	there will be a security dialogue or things will break! So think 
10:06:48  [main] 	about running this application with administrator rights!
10:06:48  [main] 	XAMPP Installation Directory: "c:\xampp007\"
10:06:48  [main] 	Checking for prerequisites
10:06:49  [main] 	All prerequisites found
10:06:49  [main] 	Initializing Modules
10:06:49  [main] 	Starting Check-Timer
10:06:49  [main] 	Control Panel Ready
10:06:52  [Apache] 	Status change detected: running
10:06:54  [mysql] 	Status change detected: running
10:12:26  [main] 	Deinitializing Modules
10:12:26  [main] 	Deinitializing Control Panel

10:23:17  [main] 	Initializing Control Panel
10:23:17  [main] 	Windows Version:  Home  64-bit
10:23:17  [main] 	XAMPP Version: 5.6.30
10:23:17  [main] 	Control Panel Version: 3.2.2  [ Compiled: Nov 12th 2015 ]
10:23:17  [main] 	You are not running with administrator rights! This will work for
10:23:17  [main] 	most application stuff but whenever you do something with services
10:23:17  [main] 	there will be a security dialogue or things will break! So think 
10:23:17  [main] 	about running this application with administrator rights!
10:23:17  [main] 	XAMPP Installation Directory: "c:\xampp007\"
10:23:17  [main] 	Checking for prerequisites
10:23:17  [main] 	All prerequisites found
10:23:17  [main] 	Initializing Modules
10:23:17  [main] 	Starting Check-Timer
10:23:17  [main] 	Control Panel Ready
10:23:19  [Apache] 	Attempting to start Apache app...
10:23:19  [Apache] 	Status change detected: running
10:23:33  [mysql] 	Attempting to start MySQL app...
10:23:33  [mysql] 	Status change detected: running
10:26:57  [main] 	Deinitializing Modules
10:26:57  [main] 	Deinitializing Control Panel

14:24:05  [main] 	Initializing Control Panel
14:24:05  [main] 	Windows Version:  Home  64-bit
14:24:05  [main] 	XAMPP Version: 5.6.30
14:24:05  [main] 	Control Panel Version: 3.2.2  [ Compiled: Nov 12th 2015 ]
14:24:05  [main] 	You are not running with administrator rights! This will work for
14:24:05  [main] 	most application stuff but whenever you do something with services
14:24:05  [main] 	there will be a security dialogue or things will break! So think 
14:24:05  [main] 	about running this application with administrator rights!
14:24:05  [main] 	XAMPP Installation Directory: "c:\xampp007\"
14:24:05  [main] 	Checking for prerequisites
14:24:05  [main] 	All prerequisites found
14:24:05  [main] 	Initializing Modules
14:24:05  [Apache] 	XAMPP Apache is already running on port 80
14:24:05  [Apache] 	XAMPP Apache is already running on port 443
14:24:05  [mysql] 	XAMPP MySQL is already running on port 3306
14:24:05  [main] 	Starting Check-Timer
14:24:05  [main] 	Control Panel Ready
14:24:07  [Apache] 	Attempting to stop Apache (PID: 12460)
14:24:07  [Apache] 	Attempting to stop Apache (PID: 15292)
14:24:08  [Apache] 	Status change detected: stopped
14:24:09  [mysql] 	Attempting to stop MySQL app...
14:24:09  [mysql] 	Status change detected: stopped
14:24:14  [Apache] 	Attempting to start Apache app...
14:24:14  [Apache] 	Status change detected: running
14:24:28  [Apache] 	Attempting to stop Apache (PID: 17108)
14:24:28  [Apache] 	Attempting to stop Apache (PID: 15060)
14:24:28  [Apache] 	Status change detected: stopped
14:24:47  [Apache] 	Status change detected: running
14:24:53  [mysql] 	Status change detected: running
14:32:03  [Apache] 	Status change detected: stopped
14:32:04  [mysql] 	Status change detected: stopped
14:48:30  [Apache] 	Status change detected: running
14:48:37  [mysql] 	Status change detected: running
14:56:44  [Apache] 	Status change detected: stopped
14:56:45  [mysql] 	Status change detected: stopped
14:57:06  [main] 	Deinitializing Modules
14:57:06  [main] 	Deinitializing Control Panel

14:48:28  [main] 	Initializing Control Panel
14:48:28  [main] 	Windows Version:  Home  64-bit
14:48:28  [main] 	XAMPP Version: 5.6.30
14:48:28  [main] 	Control Panel Version: 3.2.2  [ Compiled: Nov 12th 2015 ]
14:48:28  [main] 	You are not running with administrator rights! This will work for
14:48:28  [main] 	most application stuff but whenever you do something with services
14:48:28  [main] 	there will be a security dialogue or things will break! So think 
14:48:28  [main] 	about running this application with administrator rights!
14:48:28  [main] 	XAMPP Installation Directory: "c:\xampp007\"
14:48:28  [main] 	Checking for prerequisites
14:48:28  [main] 	All prerequisites found
14:48:28  [main] 	Initializing Modules
14:48:28  [main] 	Starting Check-Timer
14:48:28  [main] 	Control Panel Ready
14:48:30  [Apache] 	Attempting to start Apache app...
14:48:31  [Apache] 	Status change detected: running
14:48:37  [mysql] 	Attempting to start MySQL app...
14:48:37  [mysql] 	Status change detected: running
14:56:44  [Apache] 	Attempting to stop Apache (PID: 11004)
14:56:44  [Apache] 	Attempting to stop Apache (PID: 16420)
14:56:44  [Apache] 	Status change detected: stopped
14:56:45  [mysql] 	Attempting to stop MySQL app...
14:56:45  [mysql] 	Status change detected: stopped
14:57:06  [main] 	Deinitializing Modules
14:57:06  [main] 	Deinitializing Control Panel

10:23:25  [main] 	Initializing Control Panel
10:23:25  [main] 	Windows Version:  Home  64-bit
10:23:25  [main] 	XAMPP Version: 5.6.30
10:23:25  [main] 	Control Panel Version: 3.2.2  [ Compiled: Nov 12th 2015 ]
10:23:25  [main] 	You are not running with administrator rights! This will work for
10:23:25  [main] 	most application stuff but whenever you do something with services
10:23:25  [main] 	there will be a security dialogue or things will break! So think 
10:23:25  [main] 	about running this application with administrator rights!
10:23:25  [main] 	XAMPP Installation Directory: "c:\xampp007\"
10:23:25  [main] 	Checking for prerequisites
10:23:26  [main] 	All prerequisites found
10:23:26  [main] 	Initializing Modules
10:23:26  [main] 	Starting Check-Timer
10:23:26  [main] 	Control Panel Ready
10:23:29  [Apache] 	Attempting to start Apache app...
10:23:29  [Apache] 	Status change detected: running
10:23:37  [mysql] 	Attempting to start MySQL app...
10:23:38  [mysql] 	Status change detected: running
16:00:11  [main] 	Deinitializing Modules
16:00:11  [main] 	Deinitializing Control Panel

11:22:56  [main] 	Initializing Control Panel
11:22:56  [main] 	Windows Version:  Home  64-bit
11:22:56  [main] 	XAMPP Version: 5.6.30
11:22:56  [main] 	Control Panel Version: 3.2.2  [ Compiled: Nov 12th 2015 ]
11:22:56  [main] 	You are not running with administrator rights! This will work for
11:22:56  [main] 	most application stuff but whenever you do something with services
11:22:56  [main] 	there will be a security dialogue or things will break! So think 
11:22:56  [main] 	about running this application with administrator rights!
11:22:56  [main] 	XAMPP Installation Directory: "c:\xampp007\"
11:22:56  [main] 	Checking for prerequisites
11:22:56  [main] 	All prerequisites found
11:22:56  [main] 	Initializing Modules
11:22:56  [main] 	Starting Check-Timer
11:22:56  [main] 	Control Panel Ready
11:22:58  [Apache] 	Attempting to start Apache app...
11:22:59  [Apache] 	Status change detected: running
11:23:05  [mysql] 	Attempting to start MySQL app...
11:23:07  [mysql] 	Status change detected: running
11:45:21  [mysql] 	Attempting to stop MySQL app...
11:45:22  [mysql] 	Status change detected: stopped
11:45:22  [Apache] 	Attempting to stop Apache (PID: 12532)
11:45:22  [Apache] 	Attempting to stop Apache (PID: 19972)
11:45:23  [Apache] 	Status change detected: stopped
12:05:50  [main] 	Deinitializing Modules
12:05:50  [main] 	Deinitializing Control Panel

12:39:31  [main] 	Initializing Control Panel
12:39:31  [main] 	Windows Version:  Home  64-bit
12:39:31  [main] 	XAMPP Version: 5.6.30
12:39:31  [main] 	Control Panel Version: 3.2.2  [ Compiled: Nov 12th 2015 ]
12:39:31  [main] 	You are not running with administrator rights! This will work for
12:39:31  [main] 	most application stuff but whenever you do something with services
12:39:31  [main] 	there will be a security dialogue or things will break! So think 
12:39:31  [main] 	about running this application with administrator rights!
12:39:31  [main] 	XAMPP Installation Directory: "c:\xampp007\"
12:39:31  [main] 	Checking for prerequisites
12:39:31  [main] 	All prerequisites found
12:39:31  [main] 	Initializing Modules
12:39:31  [main] 	Starting Check-Timer
12:39:31  [main] 	Control Panel Ready
12:39:59  [Apache] 	Status change detected: running
12:40:07  [mysql] 	Status change detected: running
13:06:17  [mysql] 	Status change detected: stopped
13:06:17  [mysql] 	Error: MySQL shutdown unexpectedly.
13:06:17  [mysql] 	This may be due to a blocked port, missing dependencies, 
13:06:17  [mysql] 	improper privileges, a crash, or a shutdown by another method.
13:06:17  [mysql] 	Press the Logs button to view error logs and check
13:06:17  [mysql] 	the Windows Event Viewer for more clues
13:06:17  [mysql] 	If you need more help, copy and post this
13:06:17  [mysql] 	entire log window on the forums
13:06:18  [Apache] 	Status change detected: stopped
13:06:18  [Apache] 	Error: Apache shutdown unexpectedly.
13:06:18  [Apache] 	This may be due to a blocked port, missing dependencies, 
13:06:18  [Apache] 	improper privileges, a crash, or a shutdown by another method.
13:06:18  [Apache] 	Press the Logs button to view error logs and check
13:06:18  [Apache] 	the Windows Event Viewer for more clues
13:06:18  [Apache] 	If you need more help, copy and post this
13:06:18  [Apache] 	entire log window on the forums
13:06:26  [Apache] 	Status change detected: running
13:06:33  [mysql] 	Status change detected: running
14:30:56  [mysql] 	Status change detected: stopped
14:30:56  [mysql] 	Error: MySQL shutdown unexpectedly.
14:30:56  [mysql] 	This may be due to a blocked port, missing dependencies, 
14:30:56  [mysql] 	improper privileges, a crash, or a shutdown by another method.
14:30:56  [mysql] 	Press the Logs button to view error logs and check
14:30:56  [mysql] 	the Windows Event Viewer for more clues
14:30:56  [mysql] 	If you need more help, copy and post this
14:30:56  [mysql] 	entire log window on the forums
14:30:57  [Apache] 	Status change detected: stopped
14:30:57  [Apache] 	Error: Apache shutdown unexpectedly.
14:30:57  [Apache] 	This may be due to a blocked port, missing dependencies, 
14:30:57  [Apache] 	improper privileges, a crash, or a shutdown by another method.
14:30:57  [Apache] 	Press the Logs button to view error logs and check
14:30:57  [Apache] 	the Windows Event Viewer for more clues
14:30:57  [Apache] 	If you need more help, copy and post this
14:30:57  [Apache] 	entire log window on the forums
14:33:26  [main] 	Deinitializing Modules
14:33:26  [main] 	Deinitializing Control Panel

13:06:24  [main] 	Initializing Control Panel
13:06:24  [main] 	Windows Version:  Home  64-bit
13:06:24  [main] 	XAMPP Version: 5.6.30
13:06:24  [main] 	Control Panel Version: 3.2.2  [ Compiled: Nov 12th 2015 ]
13:06:24  [main] 	You are not running with administrator rights! This will work for
13:06:24  [main] 	most application stuff but whenever you do something with services
13:06:24  [main] 	there will be a security dialogue or things will break! So think 
13:06:24  [main] 	about running this application with administrator rights!
13:06:24  [main] 	XAMPP Installation Directory: "c:\xampp007\"
13:06:24  [main] 	Checking for prerequisites
13:06:25  [main] 	All prerequisites found
13:06:25  [main] 	Initializing Modules
13:06:25  [main] 	Starting Check-Timer
13:06:25  [main] 	Control Panel Ready
13:06:26  [Apache] 	Attempting to start Apache app...
13:06:26  [Apache] 	Status change detected: running
13:06:32  [mysql] 	Attempting to start MySQL app...
13:06:33  [mysql] 	Status change detected: running
14:30:56  [mysql] 	Attempting to stop MySQL app...
14:30:56  [mysql] 	Status change detected: stopped
14:30:56  [Apache] 	Attempting to stop Apache (PID: 5236)
14:30:56  [Apache] 	Attempting to stop Apache (PID: 20660)
14:30:57  [Apache] 	Status change detected: stopped
14:33:26  [main] 	Deinitializing Modules
14:33:26  [main] 	Deinitializing Control Panel

19:47:23  [main] 	Initializing Control Panel
19:47:23  [main] 	Windows Version:  Home  64-bit
19:47:23  [main] 	XAMPP Version: 5.6.30
19:47:23  [main] 	Control Panel Version: 3.2.2  [ Compiled: Nov 12th 2015 ]
19:47:23  [main] 	You are not running with administrator rights! This will work for
19:47:23  [main] 	most application stuff but whenever you do something with services
19:47:23  [main] 	there will be a security dialogue or things will break! So think 
19:47:23  [main] 	about running this application with administrator rights!
19:47:23  [main] 	XAMPP Installation Directory: "c:\xampp007\"
19:47:23  [main] 	Checking for prerequisites
19:47:24  [main] 	All prerequisites found
19:47:24  [main] 	Initializing Modules
19:47:24  [main] 	Starting Check-Timer
19:47:24  [main] 	Control Panel Ready
19:47:26  [Apache] 	Attempting to start Apache app...
19:47:26  [Apache] 	Status change detected: running
19:47:36  [mysql] 	Attempting to start MySQL app...
19:47:41  [mysql] 	Status change detected: running
19:47:45  [Apache] 	Attempting to stop Apache (PID: 6740)
19:47:46  [Apache] 	Status change detected: stopped
19:47:49  [Apache] 	Attempting to start Apache app...
19:47:50  [Apache] 	Status change detected: running
19:51:33  [Apache] 	Attempting to stop Apache (PID: 5788)
19:51:33  [Apache] 	Attempting to stop Apache (PID: 9208)
19:51:33  [Apache] 	Status change detected: stopped
19:51:35  [mysql] 	Attempting to stop MySQL app...
19:51:35  [mysql] 	Status change detected: stopped
19:51:57  [main] 	Deinitializing Modules
19:51:57  [main] 	Deinitializing Control Panel

00:51:29  [main] 	Initializing Control Panel
00:51:29  [main] 	Windows Version:  Home  64-bit
00:51:29  [main] 	XAMPP Version: 5.6.30
00:51:29  [main] 	Control Panel Version: 3.2.2  [ Compiled: Nov 12th 2015 ]
00:51:29  [main] 	You are not running with administrator rights! This will work for
00:51:29  [main] 	most application stuff but whenever you do something with services
00:51:29  [main] 	there will be a security dialogue or things will break! So think 
00:51:29  [main] 	about running this application with administrator rights!
00:51:29  [main] 	XAMPP Installation Directory: "c:\xampp007\"
00:51:29  [main] 	Checking for prerequisites
00:51:30  [main] 	All prerequisites found
00:51:30  [main] 	Initializing Modules
00:51:30  [main] 	Starting Check-Timer
00:51:30  [main] 	Control Panel Ready
00:51:31  [Apache] 	Attempting to start Apache app...
00:51:32  [Apache] 	Status change detected: running
00:51:39  [mysql] 	Attempting to start MySQL app...
00:51:40  [mysql] 	Status change detected: running
03:26:10  [Apache] 	Attempting to stop Apache (PID: 5684)
03:26:10  [Apache] 	Attempting to stop Apache (PID: 7928)
03:26:11  [Apache] 	Status change detected: stopped
03:26:12  [mysql] 	Attempting to stop MySQL app...
03:26:12  [mysql] 	Status change detected: stopped
03:27:26  [main] 	Deinitializing Modules
03:27:26  [main] 	Deinitializing Control Panel

12:59:51  [main] 	Initializing Control Panel
12:59:51  [main] 	Windows Version:  Home  64-bit
12:59:51  [main] 	XAMPP Version: 5.6.30
12:59:51  [main] 	Control Panel Version: 3.2.2  [ Compiled: Nov 12th 2015 ]
12:59:51  [main] 	You are not running with administrator rights! This will work for
12:59:51  [main] 	most application stuff but whenever you do something with services
12:59:51  [main] 	there will be a security dialogue or things will break! So think 
12:59:51  [main] 	about running this application with administrator rights!
12:59:51  [main] 	XAMPP Installation Directory: "c:\xampp007\"
12:59:51  [main] 	Checking for prerequisites
12:59:52  [main] 	All prerequisites found
12:59:52  [main] 	Initializing Modules
12:59:52  [main] 	Starting Check-Timer
12:59:52  [main] 	Control Panel Ready
13:02:03  [Apache] 	Status change detected: running
13:02:12  [mysql] 	Status change detected: running
13:26:19  [Apache] 	Status change detected: stopped
13:26:19  [Apache] 	Error: Apache shutdown unexpectedly.
13:26:19  [Apache] 	This may be due to a blocked port, missing dependencies, 
13:26:19  [Apache] 	improper privileges, a crash, or a shutdown by another method.
13:26:19  [Apache] 	Press the Logs button to view error logs and check
13:26:19  [Apache] 	the Windows Event Viewer for more clues
13:26:19  [Apache] 	If you need more help, copy and post this
13:26:19  [Apache] 	entire log window on the forums
13:26:19  [Apache] 	Status change detected: running
13:26:22  [mysql] 	Status change detected: stopped
13:26:22  [mysql] 	Error: MySQL shutdown unexpectedly.
13:26:22  [mysql] 	This may be due to a blocked port, missing dependencies, 
13:26:22  [mysql] 	improper privileges, a crash, or a shutdown by another method.
13:26:22  [mysql] 	Press the Logs button to view error logs and check
13:26:22  [mysql] 	the Windows Event Viewer for more clues
13:26:22  [mysql] 	If you need more help, copy and post this
13:26:22  [mysql] 	entire log window on the forums
13:26:23  [Apache] 	Status change detected: stopped
13:26:23  [Apache] 	Error: Apache shutdown unexpectedly.
13:26:23  [Apache] 	This may be due to a blocked port, missing dependencies, 
13:26:23  [Apache] 	improper privileges, a crash, or a shutdown by another method.
13:26:23  [Apache] 	Press the Logs button to view error logs and check
13:26:23  [Apache] 	the Windows Event Viewer for more clues
13:26:23  [Apache] 	If you need more help, copy and post this
13:26:23  [Apache] 	entire log window on the forums
13:54:12  [main] 	Deinitializing Modules
13:54:12  [main] 	Deinitializing Control Panel

02:11:57  [main] 	Initializing Control Panel
02:11:57  [main] 	Windows Version:  Home  64-bit
02:11:57  [main] 	XAMPP Version: 5.6.30
02:11:57  [main] 	Control Panel Version: 3.2.2  [ Compiled: Nov 12th 2015 ]
02:11:57  [main] 	You are not running with administrator rights! This will work for
02:11:57  [main] 	most application stuff but whenever you do something with services
02:11:57  [main] 	there will be a security dialogue or things will break! So think 
02:11:57  [main] 	about running this application with administrator rights!
02:11:57  [main] 	XAMPP Installation Directory: "c:\xampp007\"
02:11:57  [main] 	Checking for prerequisites
02:11:58  [main] 	All prerequisites found
02:11:58  [main] 	Initializing Modules
02:11:58  [main] 	Starting Check-Timer
02:11:58  [main] 	Control Panel Ready
02:12:00  [Apache] 	Attempting to start Apache app...
02:12:00  [Apache] 	Status change detected: running
02:12:15  [mysql] 	Attempting to start MySQL app...
02:12:18  [mysql] 	Status change detected: running
02:14:08  [Apache] 	Attempting to stop Apache (PID: 11816)
02:14:08  [Apache] 	Attempting to stop Apache (PID: 21272)
02:14:08  [Apache] 	Status change detected: stopped
02:14:09  [mysql] 	Attempting to stop MySQL app...
02:14:09  [mysql] 	Status change detected: stopped
02:14:49  [main] 	Deinitializing Modules
02:14:49  [main] 	Deinitializing Control Panel

10:35:17  [main] 	Initializing Control Panel
10:35:17  [main] 	Windows Version:  Home  64-bit
10:35:17  [main] 	XAMPP Version: 5.6.30
10:35:17  [main] 	Control Panel Version: 3.2.2  [ Compiled: Nov 12th 2015 ]
10:35:17  [main] 	You are not running with administrator rights! This will work for
10:35:17  [main] 	most application stuff but whenever you do something with services
10:35:17  [main] 	there will be a security dialogue or things will break! So think 
10:35:17  [main] 	about running this application with administrator rights!
10:35:17  [main] 	XAMPP Installation Directory: "c:\xampp007\"
10:35:17  [main] 	Checking for prerequisites
10:35:18  [main] 	All prerequisites found
10:35:18  [main] 	Initializing Modules
10:35:18  [main] 	Starting Check-Timer
10:35:18  [main] 	Control Panel Ready
10:35:20  [Apache] 	Attempting to start Apache app...
10:35:20  [Apache] 	Status change detected: running
10:35:28  [mysql] 	Attempting to start MySQL app...
10:35:32  [mysql] 	Attempting to start MySQL app...
10:35:32  [mysql] 	Status change detected: running
10:35:32  [mysql] 	Attempting to stop MySQL app...
10:35:32  [mysql] 	Attempting to stop MySQL app...
10:35:33  [mysql] 	Status change detected: stopped
10:35:33  [mysql] 	Attempting to start MySQL app...
10:35:34  [mysql] 	Status change detected: running
12:26:22  [Apache] 	Attempting to stop Apache (PID: 22372)
12:26:22  [Apache] 	Attempting to stop Apache (PID: 7000)
12:26:22  [Apache] 	Status change detected: stopped
12:26:23  [mysql] 	Attempting to stop MySQL app...
12:26:23  [mysql] 	Status change detected: stopped
12:31:55  [main] 	Deinitializing Modules
12:31:55  [main] 	Deinitializing Control Panel

12:46:11  [main] 	Initializing Control Panel
12:46:11  [main] 	Windows Version:  Home  64-bit
12:46:11  [main] 	XAMPP Version: 5.6.30
12:46:11  [main] 	Control Panel Version: 3.2.2  [ Compiled: Nov 12th 2015 ]
12:46:11  [main] 	You are not running with administrator rights! This will work for
12:46:11  [main] 	most application stuff but whenever you do something with services
12:46:11  [main] 	there will be a security dialogue or things will break! So think 
12:46:11  [main] 	about running this application with administrator rights!
12:46:11  [main] 	XAMPP Installation Directory: "c:\xampp007\"
12:46:11  [main] 	Checking for prerequisites
12:46:11  [main] 	All prerequisites found
12:46:11  [main] 	Initializing Modules
12:46:11  [Apache] 	XAMPP Apache is already running on port 80
12:46:11  [Apache] 	XAMPP Apache is already running on port 443
12:46:11  [mysql] 	XAMPP MySQL is already running on port 3306
12:46:11  [main] 	Starting Check-Timer
12:46:11  [main] 	Control Panel Ready
14:22:41  [Apache] 	Status change detected: stopped
14:22:41  [Apache] 	Error: Apache shutdown unexpectedly.
14:22:41  [Apache] 	This may be due to a blocked port, missing dependencies, 
14:22:41  [Apache] 	improper privileges, a crash, or a shutdown by another method.
14:22:41  [Apache] 	Press the Logs button to view error logs and check
14:22:41  [Apache] 	the Windows Event Viewer for more clues
14:22:41  [Apache] 	If you need more help, copy and post this
14:22:41  [Apache] 	entire log window on the forums
14:22:43  [mysql] 	Status change detected: stopped
14:22:43  [mysql] 	Error: MySQL shutdown unexpectedly.
14:22:43  [mysql] 	This may be due to a blocked port, missing dependencies, 
14:22:43  [mysql] 	improper privileges, a crash, or a shutdown by another method.
14:22:43  [mysql] 	Press the Logs button to view error logs and check
14:22:43  [mysql] 	the Windows Event Viewer for more clues
14:22:43  [mysql] 	If you need more help, copy and post this
14:22:43  [mysql] 	entire log window on the forums
14:25:05  [main] 	Deinitializing Modules
14:25:05  [main] 	Deinitializing Control Panel

12:47:44  [main] 	Initializing Control Panel
12:47:44  [main] 	Windows Version:  Home  64-bit
12:47:44  [main] 	XAMPP Version: 5.6.30
12:47:44  [main] 	Control Panel Version: 3.2.2  [ Compiled: Nov 12th 2015 ]
12:47:44  [main] 	You are not running with administrator rights! This will work for
12:47:44  [main] 	most application stuff but whenever you do something with services
12:47:44  [main] 	there will be a security dialogue or things will break! So think 
12:47:44  [main] 	about running this application with administrator rights!
12:47:44  [main] 	XAMPP Installation Directory: "c:\xampp007\"
12:47:44  [main] 	Checking for prerequisites
12:47:45  [main] 	All prerequisites found
12:47:45  [main] 	Initializing Modules
12:47:45  [main] 	Starting Check-Timer
12:47:45  [main] 	Control Panel Ready
12:47:47  [Apache] 	Attempting to start Apache app...
12:47:47  [Apache] 	Status change detected: running
12:47:52  [mysql] 	Attempting to start MySQL app...
12:47:55  [mysql] 	Attempting to start MySQL app...
12:47:55  [mysql] 	Status change detected: running
15:51:59  [Apache] 	Attempting to stop Apache (PID: 21884)
15:51:59  [Apache] 	Attempting to stop Apache (PID: 7540)
15:51:59  [Apache] 	Status change detected: stopped
15:51:59  [Apache] 	Attempting to start Apache app...
15:52:00  [Apache] 	Status change detected: running
15:52:00  [Apache] 	Attempting to stop Apache (PID: 13584)
15:52:00  [Apache] 	Attempting to stop Apache (PID: 20992)
15:52:01  [Apache] 	Status change detected: stopped
15:52:02  [mysql] 	Attempting to stop MySQL app...
15:52:02  [mysql] 	Attempting to stop MySQL app...
15:52:03  [mysql] 	Status change detected: stopped
15:52:12  [Apache] 	Status change detected: running
15:52:22  [mysql] 	Status change detected: running
15:52:24  [Apache] 	Status change detected: stopped
15:52:26  [mysql] 	Status change detected: stopped
16:08:40  [main] 	Deinitializing Modules
16:08:40  [main] 	Deinitializing Control Panel

10:34:20  [main] 	Initializing Control Panel
10:34:20  [main] 	Windows Version:  Home  64-bit
10:34:20  [main] 	XAMPP Version: 5.6.30
10:34:20  [main] 	Control Panel Version: 3.2.2  [ Compiled: Nov 12th 2015 ]
10:34:20  [main] 	You are not running with administrator rights! This will work for
10:34:20  [main] 	most application stuff but whenever you do something with services
10:34:20  [main] 	there will be a security dialogue or things will break! So think 
10:34:20  [main] 	about running this application with administrator rights!
10:34:20  [main] 	XAMPP Installation Directory: "c:\xampp007\"
10:34:20  [main] 	Checking for prerequisites
10:34:20  [main] 	All prerequisites found
10:34:20  [main] 	Initializing Modules
10:34:20  [main] 	Starting Check-Timer
10:34:20  [main] 	Control Panel Ready
10:34:22  [Apache] 	Attempting to start Apache app...
10:34:22  [Apache] 	Status change detected: running
10:34:24  [mysql] 	Attempting to start MySQL app...
10:34:26  [mysql] 	Status change detected: running
10:34:29  [mysql] 	Attempting to stop MySQL app...
10:34:29  [mysql] 	Status change detected: stopped
10:34:30  [Apache] 	Attempting to stop Apache (PID: 6356)
10:34:30  [Apache] 	Attempting to stop Apache (PID: 11928)
10:34:31  [Apache] 	Status change detected: stopped
10:51:16  [main] 	Deinitializing Modules
10:51:16  [main] 	Deinitializing Control Panel

13:00:33  [main] 	Initializing Control Panel
13:00:33  [main] 	Windows Version:  Home  64-bit
13:00:33  [main] 	XAMPP Version: 5.6.30
13:00:33  [main] 	Control Panel Version: 3.2.2  [ Compiled: Nov 12th 2015 ]
13:00:33  [main] 	You are not running with administrator rights! This will work for
13:00:33  [main] 	most application stuff but whenever you do something with services
13:00:33  [main] 	there will be a security dialogue or things will break! So think 
13:00:33  [main] 	about running this application with administrator rights!
13:00:33  [main] 	XAMPP Installation Directory: "c:\xampp007\"
13:00:33  [main] 	Checking for prerequisites
13:00:33  [main] 	All prerequisites found
13:00:33  [main] 	Initializing Modules
13:00:33  [main] 	Starting Check-Timer
13:00:33  [main] 	Control Panel Ready
13:00:35  [Apache] 	Attempting to start Apache app...
13:00:36  [Apache] 	Status change detected: running
13:00:45  [mysql] 	Attempting to start MySQL app...
13:00:47  [mysql] 	Status change detected: running
13:46:19  [Apache] 	Attempting to stop Apache (PID: 14536)
13:46:19  [Apache] 	Attempting to stop Apache (PID: 13784)
13:46:20  [Apache] 	Status change detected: stopped
13:46:21  [mysql] 	Attempting to stop MySQL app...
13:46:21  [mysql] 	Status change detected: stopped
13:46:32  [main] 	Deinitializing Modules
13:46:32  [main] 	Deinitializing Control Panel

23:30:23  [main] 	Initializing Control Panel
23:30:23  [main] 	Windows Version:  Home  64-bit
23:30:23  [main] 	XAMPP Version: 5.6.30
23:30:23  [main] 	Control Panel Version: 3.2.2  [ Compiled: Nov 12th 2015 ]
23:30:23  [main] 	You are not running with administrator rights! This will work for
23:30:23  [main] 	most application stuff but whenever you do something with services
23:30:23  [main] 	there will be a security dialogue or things will break! So think 
23:30:23  [main] 	about running this application with administrator rights!
23:30:23  [main] 	XAMPP Installation Directory: "c:\xampp007\"
23:30:23  [main] 	Checking for prerequisites
23:30:23  [main] 	All prerequisites found
23:30:23  [main] 	Initializing Modules
23:30:23  [Apache] 	XAMPP Apache is already running on port 80
23:30:23  [Apache] 	XAMPP Apache is already running on port 443
23:30:23  [mysql] 	XAMPP MySQL is already running on port 3306
23:30:23  [main] 	Starting Check-Timer
23:30:23  [main] 	Control Panel Ready
23:30:26  [Apache] 	Attempting to stop Apache (PID: 5992)
23:30:26  [Apache] 	Attempting to stop Apache (PID: 6728)
23:30:26  [Apache] 	Status change detected: stopped
23:30:27  [mysql] 	Attempting to stop MySQL app...
23:30:27  [mysql] 	Status change detected: stopped
23:30:32  [Apache] 	Attempting to start Apache app...
23:30:32  [Apache] 	Status change detected: running
23:30:41  [mysql] 	Attempting to start MySQL app...
23:30:42  [mysql] 	Status change detected: running
02:13:28  [Apache] 	Attempting to stop Apache (PID: 11248)
02:13:28  [Apache] 	Attempting to stop Apache (PID: 8612)
02:13:28  [Apache] 	Status change detected: stopped
02:13:28  [Apache] 	Attempting to start Apache app...
02:13:28  [Apache] 	Status change detected: running
02:13:29  [Apache] 	Attempting to stop Apache (PID: 19536)
02:13:29  [Apache] 	Status change detected: stopped
02:13:30  [mysql] 	Attempting to stop MySQL app...
02:13:31  [mysql] 	Status change detected: stopped
02:13:46  [main] 	Deinitializing Modules
02:13:46  [main] 	Deinitializing Control Panel

23:29:51  [main] 	Initializing Control Panel
23:29:51  [main] 	Windows Version:  Home  64-bit
23:29:51  [main] 	XAMPP Version: 5.6.30
23:29:51  [main] 	Control Panel Version: 3.2.2  [ Compiled: Nov 12th 2015 ]
23:29:51  [main] 	You are not running with administrator rights! This will work for
23:29:51  [main] 	most application stuff but whenever you do something with services
23:29:51  [main] 	there will be a security dialogue or things will break! So think 
23:29:51  [main] 	about running this application with administrator rights!
23:29:51  [main] 	XAMPP Installation Directory: "c:\xampp007\"
23:29:51  [main] 	Checking for prerequisites
23:29:52  [main] 	All prerequisites found
23:29:52  [main] 	Initializing Modules
23:29:52  [main] 	Starting Check-Timer
23:29:52  [main] 	Control Panel Ready
23:29:54  [Apache] 	Attempting to start Apache app...
23:29:54  [Apache] 	Status change detected: running
23:30:08  [mysql] 	Attempting to start MySQL app...
23:30:12  [Apache] 	Attempting to stop Apache (PID: 10508)
23:30:12  [Apache] 	Attempting to stop Apache (PID: 10508)
23:30:12  [Apache] 	Problem killing PID 10508
23:30:12  [Apache] 	Check that you have the proper privileges
23:30:12  [Apache] 	Status change detected: stopped
23:30:12  [mysql] 	Status change detected: running
23:30:14  [Apache] 	Attempting to start Apache app...
23:30:15  [Apache] 	Status change detected: running
23:30:26  [Apache] 	Status change detected: stopped
23:30:26  [Apache] 	Error: Apache shutdown unexpectedly.
23:30:26  [Apache] 	This may be due to a blocked port, missing dependencies, 
23:30:26  [Apache] 	improper privileges, a crash, or a shutdown by another method.
23:30:26  [Apache] 	Press the Logs button to view error logs and check
23:30:26  [Apache] 	the Windows Event Viewer for more clues
23:30:26  [Apache] 	If you need more help, copy and post this
23:30:26  [Apache] 	entire log window on the forums
23:30:27  [mysql] 	Status change detected: stopped
23:30:27  [mysql] 	Error: MySQL shutdown unexpectedly.
23:30:27  [mysql] 	This may be due to a blocked port, missing dependencies, 
23:30:27  [mysql] 	improper privileges, a crash, or a shutdown by another method.
23:30:27  [mysql] 	Press the Logs button to view error logs and check
23:30:27  [mysql] 	the Windows Event Viewer for more clues
23:30:27  [mysql] 	If you need more help, copy and post this
23:30:27  [mysql] 	entire log window on the forums
23:30:32  [Apache] 	Status change detected: running
23:30:42  [mysql] 	Status change detected: running
02:13:28  [Apache] 	Status change detected: stopped
02:13:28  [Apache] 	Error: Apache shutdown unexpectedly.
02:13:28  [Apache] 	This may be due to a blocked port, missing dependencies, 
02:13:28  [Apache] 	improper privileges, a crash, or a shutdown by another method.
02:13:28  [Apache] 	Press the Logs button to view error logs and check
02:13:28  [Apache] 	the Windows Event Viewer for more clues
02:13:28  [Apache] 	If you need more help, copy and post this
02:13:28  [Apache] 	entire log window on the forums
02:13:28  [Apache] 	Status change detected: running
02:13:29  [Apache] 	Status change detected: stopped
02:13:29  [Apache] 	Error: Apache shutdown unexpectedly.
02:13:29  [Apache] 	This may be due to a blocked port, missing dependencies, 
02:13:29  [Apache] 	improper privileges, a crash, or a shutdown by another method.
02:13:29  [Apache] 	Press the Logs button to view error logs and check
02:13:29  [Apache] 	the Windows Event Viewer for more clues
02:13:29  [Apache] 	If you need more help, copy and post this
02:13:29  [Apache] 	entire log window on the forums
02:13:31  [mysql] 	Status change detected: stopped
02:13:31  [mysql] 	Error: MySQL shutdown unexpectedly.
02:13:31  [mysql] 	This may be due to a blocked port, missing dependencies, 
02:13:31  [mysql] 	improper privileges, a crash, or a shutdown by another method.
02:13:31  [mysql] 	Press the Logs button to view error logs and check
02:13:31  [mysql] 	the Windows Event Viewer for more clues
02:13:31  [mysql] 	If you need more help, copy and post this
02:13:31  [mysql] 	entire log window on the forums
02:13:46  [main] 	Deinitializing Modules
02:13:46  [main] 	Deinitializing Control Panel

04:44:29  [main] 	Initializing Control Panel
04:44:29  [main] 	Windows Version:  Home  64-bit
04:44:29  [main] 	XAMPP Version: 5.6.30
04:44:29  [main] 	Control Panel Version: 3.2.2  [ Compiled: Nov 12th 2015 ]
04:44:29  [main] 	You are not running with administrator rights! This will work for
04:44:29  [main] 	most application stuff but whenever you do something with services
04:44:29  [main] 	there will be a security dialogue or things will break! So think 
04:44:29  [main] 	about running this application with administrator rights!
04:44:29  [main] 	XAMPP Installation Directory: "c:\xampp007\"
04:44:29  [main] 	Checking for prerequisites
04:44:30  [main] 	All prerequisites found
04:44:30  [main] 	Initializing Modules
04:44:30  [main] 	Starting Check-Timer
04:44:30  [main] 	Control Panel Ready
04:44:32  [Apache] 	Attempting to start Apache app...
04:44:32  [Apache] 	Status change detected: running
04:44:33  [mysql] 	Attempting to start MySQL app...
04:44:37  [mysql] 	Status change detected: running
06:13:56  [Apache] 	Attempting to stop Apache (PID: 18972)
06:13:56  [Apache] 	Attempting to stop Apache (PID: 21752)
06:13:57  [Apache] 	Status change detected: stopped
06:13:58  [mysql] 	Attempting to stop MySQL app...
06:13:58  [mysql] 	Status change detected: stopped
06:14:23  [main] 	Deinitializing Modules
06:14:23  [main] 	Deinitializing Control Panel

12:12:04  [main] 	Initializing Control Panel
12:12:04  [main] 	Windows Version:  Home  64-bit
12:12:04  [main] 	XAMPP Version: 5.6.30
12:12:04  [main] 	Control Panel Version: 3.2.2  [ Compiled: Nov 12th 2015 ]
12:12:04  [main] 	You are not running with administrator rights! This will work for
12:12:04  [main] 	most application stuff but whenever you do something with services
12:12:04  [main] 	there will be a security dialogue or things will break! So think 
12:12:04  [main] 	about running this application with administrator rights!
12:12:04  [main] 	XAMPP Installation Directory: "c:\xampp007\"
12:12:04  [main] 	Checking for prerequisites
12:12:04  [main] 	All prerequisites found
12:12:04  [main] 	Initializing Modules
12:12:04  [main] 	Starting Check-Timer
12:12:04  [main] 	Control Panel Ready
12:12:06  [Apache] 	Attempting to start Apache app...
12:12:06  [Apache] 	Status change detected: running
12:12:07  [mysql] 	Attempting to start MySQL app...
12:12:09  [mysql] 	Status change detected: running
12:14:07  [Apache] 	Attempting to stop Apache (PID: 14128)
12:14:07  [Apache] 	Attempting to stop Apache (PID: 16004)
12:14:07  [Apache] 	Status change detected: stopped
12:14:08  [mysql] 	Attempting to stop MySQL app...
12:14:08  [mysql] 	Status change detected: stopped
13:48:06  [Apache] 	Status change detected: running
13:48:12  [mysql] 	Status change detected: running
14:00:25  [Apache] 	Status change detected: stopped
14:00:26  [mysql] 	Status change detected: stopped
14:04:48  [main] 	Deinitializing Modules
14:04:48  [main] 	Deinitializing Control Panel

22:19:47  [main] 	Initializing Control Panel
22:19:47  [main] 	Windows Version:  Home  64-bit
22:19:47  [main] 	XAMPP Version: 5.6.30
22:19:47  [main] 	Control Panel Version: 3.2.2  [ Compiled: Nov 12th 2015 ]
22:19:47  [main] 	You are not running with administrator rights! This will work for
22:19:47  [main] 	most application stuff but whenever you do something with services
22:19:47  [main] 	there will be a security dialogue or things will break! So think 
22:19:47  [main] 	about running this application with administrator rights!
22:19:47  [main] 	XAMPP Installation Directory: "c:\xampp007\"
22:19:47  [main] 	Checking for prerequisites
22:19:49  [main] 	All prerequisites found
22:19:49  [main] 	Initializing Modules
22:19:49  [main] 	Starting Check-Timer
22:19:49  [main] 	Control Panel Ready
22:19:50  [Apache] 	Attempting to start Apache app...
22:19:51  [Apache] 	Status change detected: running
22:19:58  [mysql] 	Attempting to start MySQL app...
22:20:00  [mysql] 	Attempting to start MySQL app...
22:20:00  [mysql] 	Status change detected: running
02:20:42  [mysql] 	Attempting to stop MySQL app...
02:20:43  [mysql] 	Status change detected: stopped
02:20:43  [Apache] 	Attempting to stop Apache (PID: 11268)
02:20:43  [Apache] 	Attempting to stop Apache (PID: 14616)
02:20:44  [Apache] 	Status change detected: stopped
02:22:18  [main] 	Deinitializing Modules
02:22:18  [main] 	Deinitializing Control Panel

12:11:21  [main] 	Initializing Control Panel
12:11:21  [main] 	Windows Version:  Home  64-bit
12:11:21  [main] 	XAMPP Version: 5.6.30
12:11:21  [main] 	Control Panel Version: 3.2.2  [ Compiled: Nov 12th 2015 ]
12:11:21  [main] 	You are not running with administrator rights! This will work for
12:11:21  [main] 	most application stuff but whenever you do something with services
12:11:21  [main] 	there will be a security dialogue or things will break! So think 
12:11:21  [main] 	about running this application with administrator rights!
12:11:21  [main] 	XAMPP Installation Directory: "c:\xampp007\"
12:11:21  [main] 	Checking for prerequisites
12:11:23  [main] 	All prerequisites found
12:11:23  [main] 	Initializing Modules
12:11:23  [main] 	Starting Check-Timer
12:11:23  [main] 	Control Panel Ready
12:11:25  [Apache] 	Attempting to start Apache app...
12:11:25  [Apache] 	Status change detected: running
12:11:36  [mysql] 	Attempting to start MySQL app...
12:11:39  [mysql] 	Attempting to start MySQL app...
12:11:39  [mysql] 	Status change detected: running
12:39:01  [Apache] 	Attempting to stop Apache (PID: 9152)
12:39:01  [Apache] 	Attempting to stop Apache (PID: 10468)
12:39:01  [Apache] 	Status change detected: stopped
12:39:01  [mysql] 	Attempting to stop MySQL app...
12:39:02  [mysql] 	Status change detected: stopped
12:39:09  [main] 	Deinitializing Modules
12:39:09  [main] 	Deinitializing Control Panel

12:49:39  [main] 	Initializing Control Panel
12:49:39  [main] 	Windows Version:  Home  64-bit
12:49:39  [main] 	XAMPP Version: 5.6.30
12:49:39  [main] 	Control Panel Version: 3.2.2  [ Compiled: Nov 12th 2015 ]
12:49:39  [main] 	You are not running with administrator rights! This will work for
12:49:39  [main] 	most application stuff but whenever you do something with services
12:49:39  [main] 	there will be a security dialogue or things will break! So think 
12:49:39  [main] 	about running this application with administrator rights!
12:49:39  [main] 	XAMPP Installation Directory: "c:\xampp007\"
12:49:39  [main] 	Checking for prerequisites
12:49:39  [main] 	All prerequisites found
12:49:39  [main] 	Initializing Modules
12:49:39  [main] 	Starting Check-Timer
12:49:39  [main] 	Control Panel Ready
12:49:42  [Apache] 	Attempting to start Apache app...
12:49:42  [Apache] 	Status change detected: running
12:49:47  [mysql] 	Attempting to start MySQL app...
12:49:49  [mysql] 	Status change detected: running
17:46:54  [mysql] 	Attempting to stop MySQL app...
17:46:54  [mysql] 	Status change detected: stopped
17:46:55  [Apache] 	Attempting to stop Apache (PID: 9420)
17:46:55  [Apache] 	Attempting to stop Apache (PID: 19844)
17:46:55  [Apache] 	Status change detected: stopped
17:47:04  [main] 	Deinitializing Modules
17:47:04  [main] 	Deinitializing Control Panel

23:25:07  [main] 	Initializing Control Panel
23:25:07  [main] 	Windows Version:  Home  64-bit
23:25:07  [main] 	XAMPP Version: 5.6.30
23:25:07  [main] 	Control Panel Version: 3.2.2  [ Compiled: Nov 12th 2015 ]
23:25:07  [main] 	You are not running with administrator rights! This will work for
23:25:07  [main] 	most application stuff but whenever you do something with services
23:25:07  [main] 	there will be a security dialogue or things will break! So think 
23:25:07  [main] 	about running this application with administrator rights!
23:25:07  [main] 	XAMPP Installation Directory: "c:\xampp007\"
23:25:07  [main] 	Checking for prerequisites
23:25:07  [main] 	All prerequisites found
23:25:07  [main] 	Initializing Modules
23:25:07  [main] 	Starting Check-Timer
23:25:07  [main] 	Control Panel Ready
23:25:09  [Apache] 	Attempting to start Apache app...
23:25:09  [Apache] 	Status change detected: running
23:25:15  [mysql] 	Attempting to start MySQL app...
23:25:19  [mysql] 	Attempting to start MySQL app...
23:25:19  [mysql] 	Status change detected: running
03:24:21  [Apache] 	Attempting to stop Apache (PID: 9260)
03:24:21  [Apache] 	Attempting to stop Apache (PID: 20324)
03:24:21  [Apache] 	Status change detected: stopped
03:24:22  [mysql] 	Attempting to stop MySQL app...
03:24:22  [mysql] 	Status change detected: stopped
03:24:57  [main] 	Deinitializing Modules
03:24:57  [main] 	Deinitializing Control Panel

11:34:40  [main] 	Initializing Control Panel
11:34:40  [main] 	Windows Version:  Home  64-bit
11:34:40  [main] 	XAMPP Version: 5.6.30
11:34:40  [main] 	Control Panel Version: 3.2.2  [ Compiled: Nov 12th 2015 ]
11:34:40  [main] 	You are not running with administrator rights! This will work for
11:34:40  [main] 	most application stuff but whenever you do something with services
11:34:40  [main] 	there will be a security dialogue or things will break! So think 
11:34:40  [main] 	about running this application with administrator rights!
11:34:40  [main] 	XAMPP Installation Directory: "c:\xampp007\"
11:34:40  [main] 	Checking for prerequisites
11:34:41  [main] 	All prerequisites found
11:34:41  [main] 	Initializing Modules
11:34:41  [main] 	Starting Check-Timer
11:34:41  [main] 	Control Panel Ready
11:34:43  [Apache] 	Attempting to start Apache app...
11:34:43  [Apache] 	Status change detected: running
11:34:48  [mysql] 	Attempting to start MySQL app...
11:34:52  [mysql] 	Status change detected: running
11:34:52  [mysql] 	Attempting to stop MySQL app...
11:34:52  [mysql] 	Status change detected: stopped
11:34:53  [mysql] 	Attempting to start MySQL app...
11:34:54  [mysql] 	Status change detected: running
13:03:19  [mysql] 	Attempting to stop MySQL app...
13:03:20  [mysql] 	Status change detected: stopped
13:03:20  [Apache] 	Attempting to stop Apache (PID: 15304)
13:03:20  [Apache] 	Attempting to stop Apache (PID: 13088)
13:03:21  [Apache] 	Status change detected: stopped
13:03:31  [main] 	Deinitializing Modules
13:03:31  [main] 	Deinitializing Control Panel

20:06:18  [main] 	Initializing Control Panel
20:06:18  [main] 	Windows Version:  Home  64-bit
20:06:18  [main] 	XAMPP Version: 5.6.30
20:06:18  [main] 	Control Panel Version: 3.2.2  [ Compiled: Nov 12th 2015 ]
20:06:18  [main] 	You are not running with administrator rights! This will work for
20:06:18  [main] 	most application stuff but whenever you do something with services
20:06:18  [main] 	there will be a security dialogue or things will break! So think 
20:06:18  [main] 	about running this application with administrator rights!
20:06:18  [main] 	XAMPP Installation Directory: "c:\xampp007\"
20:06:18  [main] 	Checking for prerequisites
20:06:18  [main] 	All prerequisites found
20:06:18  [main] 	Initializing Modules
20:06:18  [main] 	Starting Check-Timer
20:06:18  [main] 	Control Panel Ready
20:06:21  [Apache] 	Attempting to start Apache app...
20:06:21  [Apache] 	Status change detected: running
20:06:24  [mysql] 	Attempting to start MySQL app...
20:06:27  [mysql] 	Status change detected: running
22:57:39  [mysql] 	Attempting to stop MySQL app...
22:57:39  [mysql] 	Status change detected: stopped
22:57:40  [Apache] 	Attempting to stop Apache (PID: 8468)
22:57:40  [Apache] 	Attempting to stop Apache (PID: 6804)
22:57:40  [Apache] 	Status change detected: stopped
23:04:51  [Apache] 	Status change detected: running
23:04:56  [mysql] 	Status change detected: running
23:12:10  [mysql] 	Status change detected: stopped
23:12:11  [Apache] 	Status change detected: stopped
23:13:42  [main] 	Deinitializing Modules
23:13:42  [main] 	Deinitializing Control Panel

23:04:49  [main] 	Initializing Control Panel
23:04:49  [main] 	Windows Version:  Home  64-bit
23:04:49  [main] 	XAMPP Version: 5.6.30
23:04:49  [main] 	Control Panel Version: 3.2.2  [ Compiled: Nov 12th 2015 ]
23:04:49  [main] 	You are not running with administrator rights! This will work for
23:04:49  [main] 	most application stuff but whenever you do something with services
23:04:49  [main] 	there will be a security dialogue or things will break! So think 
23:04:49  [main] 	about running this application with administrator rights!
23:04:49  [main] 	XAMPP Installation Directory: "c:\xampp007\"
23:04:49  [main] 	Checking for prerequisites
23:04:49  [main] 	All prerequisites found
23:04:49  [main] 	Initializing Modules
23:04:49  [main] 	Starting Check-Timer
23:04:49  [main] 	Control Panel Ready
23:04:51  [Apache] 	Attempting to start Apache app...
23:04:51  [Apache] 	Status change detected: running
23:04:52  [mysql] 	Attempting to start MySQL app...
23:04:56  [mysql] 	Status change detected: running
23:12:10  [mysql] 	Attempting to stop MySQL app...
23:12:10  [mysql] 	Status change detected: stopped
23:12:11  [Apache] 	Attempting to stop Apache (PID: 19916)
23:12:11  [Apache] 	Attempting to stop Apache (PID: 19684)
23:12:11  [Apache] 	Status change detected: stopped
23:13:42  [main] 	Deinitializing Modules
23:13:42  [main] 	Deinitializing Control Panel

22:08:12  [main] 	Initializing Control Panel
22:08:12  [main] 	Windows Version:  Home  64-bit
22:08:12  [main] 	XAMPP Version: 5.6.30
22:08:12  [main] 	Control Panel Version: 3.2.2  [ Compiled: Nov 12th 2015 ]
22:08:12  [main] 	You are not running with administrator rights! This will work for
22:08:12  [main] 	most application stuff but whenever you do something with services
22:08:12  [main] 	there will be a security dialogue or things will break! So think 
22:08:12  [main] 	about running this application with administrator rights!
22:08:12  [main] 	XAMPP Installation Directory: "c:\xampp007\"
22:08:12  [main] 	Checking for prerequisites
22:08:13  [main] 	All prerequisites found
22:08:13  [main] 	Initializing Modules
22:08:13  [main] 	Starting Check-Timer
22:08:13  [main] 	Control Panel Ready
22:08:15  [Apache] 	Attempting to start Apache app...
22:08:15  [Apache] 	Status change detected: running
22:08:18  [mysql] 	Attempting to start MySQL app...
22:08:21  [mysql] 	Status change detected: running
00:36:32  [mysql] 	Attempting to stop MySQL app...
00:36:33  [mysql] 	Status change detected: stopped
00:36:33  [Apache] 	Attempting to stop Apache (PID: 17752)
00:36:33  [Apache] 	Attempting to stop Apache (PID: 5604)
00:36:34  [Apache] 	Status change detected: stopped
00:36:58  [main] 	Deinitializing Modules
00:36:58  [main] 	Deinitializing Control Panel

12:45:58  [main] 	Initializing Control Panel
12:45:58  [main] 	Windows Version:  Home  64-bit
12:45:58  [main] 	XAMPP Version: 5.6.30
12:45:58  [main] 	Control Panel Version: 3.2.2  [ Compiled: Nov 12th 2015 ]
12:45:58  [main] 	You are not running with administrator rights! This will work for
12:45:58  [main] 	most application stuff but whenever you do something with services
12:45:58  [main] 	there will be a security dialogue or things will break! So think 
12:45:58  [main] 	about running this application with administrator rights!
12:45:58  [main] 	XAMPP Installation Directory: "c:\xampp007\"
12:45:58  [main] 	Checking for prerequisites
12:46:01  [main] 	All prerequisites found
12:46:01  [main] 	Initializing Modules
12:46:01  [main] 	Starting Check-Timer
12:46:01  [main] 	Control Panel Ready
12:46:03  [Apache] 	Attempting to start Apache app...
12:46:03  [Apache] 	Status change detected: running
12:46:16  [mysql] 	Attempting to start MySQL app...
12:46:21  [mysql] 	Status change detected: running
12:46:27  [Apache] 	Attempting to stop Apache (PID: 2000)
12:46:28  [Apache] 	Status change detected: stopped
12:46:28  [Apache] 	Attempting to start Apache app...
12:46:29  [Apache] 	Status change detected: running
14:09:37  [Apache] 	Attempting to stop Apache (PID: 4592)
14:09:37  [Apache] 	Attempting to stop Apache (PID: 18024)
14:09:37  [Apache] 	Status change detected: stopped
14:09:38  [mysql] 	Attempting to stop MySQL app...
14:09:38  [mysql] 	Status change detected: stopped
14:09:44  [main] 	Deinitializing Modules
14:09:44  [main] 	Deinitializing Control Panel

14:47:03  [main] 	Initializing Control Panel
14:47:03  [main] 	Windows Version:  Home  64-bit
14:47:03  [main] 	XAMPP Version: 5.6.30
14:47:03  [main] 	Control Panel Version: 3.2.2  [ Compiled: Nov 12th 2015 ]
14:47:03  [main] 	You are not running with administrator rights! This will work for
14:47:03  [main] 	most application stuff but whenever you do something with services
14:47:03  [main] 	there will be a security dialogue or things will break! So think 
14:47:03  [main] 	about running this application with administrator rights!
14:47:03  [main] 	XAMPP Installation Directory: "c:\xampp007\"
14:47:03  [main] 	Checking for prerequisites
14:47:04  [main] 	All prerequisites found
14:47:04  [main] 	Initializing Modules
14:47:04  [main] 	Starting Check-Timer
14:47:04  [main] 	Control Panel Ready
14:47:05  [Apache] 	Attempting to start Apache app...
14:47:06  [Apache] 	Status change detected: running
14:47:10  [mysql] 	Attempting to start MySQL app...
14:47:13  [mysql] 	Status change detected: running
21:15:36  [mysql] 	Attempting to stop MySQL app...
21:15:36  [mysql] 	Status change detected: stopped
21:15:36  [Apache] 	Attempting to stop Apache (PID: 13936)
21:15:36  [Apache] 	Attempting to stop Apache (PID: 20304)
21:15:37  [Apache] 	Status change detected: stopped
21:15:50  [main] 	Deinitializing Modules
21:15:50  [main] 	Deinitializing Control Panel

10:05:29  [main] 	Initializing Control Panel
10:05:29  [main] 	Windows Version:  Home  64-bit
10:05:29  [main] 	XAMPP Version: 5.6.30
10:05:29  [main] 	Control Panel Version: 3.2.2  [ Compiled: Nov 12th 2015 ]
10:05:29  [main] 	You are not running with administrator rights! This will work for
10:05:29  [main] 	most application stuff but whenever you do something with services
10:05:29  [main] 	there will be a security dialogue or things will break! So think 
10:05:29  [main] 	about running this application with administrator rights!
10:05:29  [main] 	XAMPP Installation Directory: "c:\xampp007\"
10:05:29  [main] 	Checking for prerequisites
10:05:31  [main] 	All prerequisites found
10:05:31  [main] 	Initializing Modules
10:05:31  [main] 	Starting Check-Timer
10:05:31  [main] 	Control Panel Ready
10:05:33  [Apache] 	Attempting to start Apache app...
10:05:33  [Apache] 	Status change detected: running
10:05:39  [mysql] 	Attempting to start MySQL app...
10:05:43  [mysql] 	Status change detected: running
11:08:21  [mysql] 	Attempting to stop MySQL app...
11:08:21  [mysql] 	Status change detected: stopped
11:08:22  [Apache] 	Attempting to stop Apache (PID: 16364)
11:08:22  [Apache] 	Attempting to stop Apache (PID: 16360)
11:08:22  [Apache] 	Status change detected: stopped
11:08:34  [main] 	Deinitializing Modules
11:08:34  [main] 	Deinitializing Control Panel

12:13:48  [main] 	Initializing Control Panel
12:13:48  [main] 	Windows Version:  Home  64-bit
12:13:48  [main] 	XAMPP Version: 5.6.30
12:13:48  [main] 	Control Panel Version: 3.2.2  [ Compiled: Nov 12th 2015 ]
12:13:48  [main] 	You are not running with administrator rights! This will work for
12:13:48  [main] 	most application stuff but whenever you do something with services
12:13:48  [main] 	there will be a security dialogue or things will break! So think 
12:13:48  [main] 	about running this application with administrator rights!
12:13:48  [main] 	XAMPP Installation Directory: "c:\xampp007\"
12:13:48  [main] 	Checking for prerequisites
12:13:49  [main] 	All prerequisites found
12:13:49  [main] 	Initializing Modules
12:13:49  [main] 	Starting Check-Timer
12:13:49  [main] 	Control Panel Ready
12:13:51  [Apache] 	Attempting to start Apache app...
12:13:51  [Apache] 	Status change detected: running
12:13:54  [mysql] 	Attempting to start MySQL app...
12:13:57  [mysql] 	Status change detected: running
13:14:01  [mysql] 	Attempting to stop MySQL app...
13:14:01  [mysql] 	Status change detected: stopped
13:14:01  [Apache] 	Attempting to stop Apache (PID: 6952)
13:14:01  [Apache] 	Attempting to stop Apache (PID: 18804)
13:14:01  [Apache] 	Status change detected: stopped
13:14:09  [main] 	Deinitializing Modules
13:14:09  [main] 	Deinitializing Control Panel

12:21:03  [main] 	Initializing Control Panel
12:21:03  [main] 	Windows Version:  Home  64-bit
12:21:03  [main] 	XAMPP Version: 5.6.30
12:21:03  [main] 	Control Panel Version: 3.2.2  [ Compiled: Nov 12th 2015 ]
12:21:03  [main] 	You are not running with administrator rights! This will work for
12:21:03  [main] 	most application stuff but whenever you do something with services
12:21:03  [main] 	there will be a security dialogue or things will break! So think 
12:21:03  [main] 	about running this application with administrator rights!
12:21:03  [main] 	XAMPP Installation Directory: "c:\xampp007\"
12:21:03  [main] 	Checking for prerequisites
12:21:04  [main] 	All prerequisites found
12:21:04  [main] 	Initializing Modules
12:21:04  [main] 	Starting Check-Timer
12:21:04  [main] 	Control Panel Ready
12:21:05  [Apache] 	Attempting to start Apache app...
12:21:06  [Apache] 	Status change detected: running
12:21:10  [mysql] 	Attempting to start MySQL app...
12:21:13  [mysql] 	Status change detected: running
15:28:34  [Apache] 	Attempting to stop Apache (PID: 4312)
15:28:34  [Apache] 	Attempting to stop Apache (PID: 8860)
15:28:35  [Apache] 	Status change detected: stopped
15:28:36  [mysql] 	Attempting to stop MySQL app...
15:28:36  [mysql] 	Status change detected: stopped
15:28:44  [main] 	Deinitializing Modules
15:28:44  [main] 	Deinitializing Control Panel

11:44:16  [main] 	Initializing Control Panel
11:44:16  [main] 	Windows Version:  Home  64-bit
11:44:16  [main] 	XAMPP Version: 5.6.30
11:44:16  [main] 	Control Panel Version: 3.2.2  [ Compiled: Nov 12th 2015 ]
11:44:16  [main] 	You are not running with administrator rights! This will work for
11:44:16  [main] 	most application stuff but whenever you do something with services
11:44:16  [main] 	there will be a security dialogue or things will break! So think 
11:44:16  [main] 	about running this application with administrator rights!
11:44:16  [main] 	XAMPP Installation Directory: "c:\xampp007\"
11:44:16  [main] 	Checking for prerequisites
11:44:17  [main] 	All prerequisites found
11:44:17  [main] 	Initializing Modules
11:44:17  [main] 	Starting Check-Timer
11:44:17  [main] 	Control Panel Ready
11:44:20  [mysql] 	Attempting to start MySQL app...
11:44:23  [mysql] 	Attempting to start MySQL app...
11:44:23  [Apache] 	Attempting to start Apache app...
11:44:23  [Apache] 	Status change detected: running
11:44:23  [mysql] 	Status change detected: running
11:53:17  [mysql] 	Attempting to stop MySQL app...
11:53:17  [mysql] 	Status change detected: stopped
11:53:18  [Apache] 	Attempting to stop Apache (PID: 9448)
11:53:18  [Apache] 	Attempting to stop Apache (PID: 1836)
11:53:18  [Apache] 	Status change detected: stopped
11:53:30  [main] 	Deinitializing Modules
11:53:30  [main] 	Deinitializing Control Panel

17:28:02  [main] 	Initializing Control Panel
17:28:02  [main] 	Windows Version:  Home  64-bit
17:28:02  [main] 	XAMPP Version: 5.6.30
17:28:02  [main] 	Control Panel Version: 3.2.2  [ Compiled: Nov 12th 2015 ]
17:28:02  [main] 	You are not running with administrator rights! This will work for
17:28:02  [main] 	most application stuff but whenever you do something with services
17:28:02  [main] 	there will be a security dialogue or things will break! So think 
17:28:02  [main] 	about running this application with administrator rights!
17:28:02  [main] 	XAMPP Installation Directory: "c:\xampp007\"
17:28:02  [main] 	Checking for prerequisites
17:28:03  [main] 	All prerequisites found
17:28:03  [main] 	Initializing Modules
17:28:03  [main] 	Starting Check-Timer
17:28:03  [main] 	Control Panel Ready
17:28:07  [Apache] 	Attempting to start Apache app...
17:28:07  [Apache] 	Status change detected: running
17:28:08  [mysql] 	Attempting to start MySQL app...
17:28:11  [mysql] 	Status change detected: running
18:11:22  [mysql] 	Attempting to stop MySQL app...
18:11:23  [mysql] 	Status change detected: stopped
18:11:23  [Apache] 	Attempting to stop Apache (PID: 18732)
18:11:23  [Apache] 	Attempting to stop Apache (PID: 6736)
18:11:24  [Apache] 	Status change detected: stopped
18:11:35  [main] 	Deinitializing Modules
18:11:35  [main] 	Deinitializing Control Panel

13:24:05  [main] 	Initializing Control Panel
13:24:05  [main] 	Windows Version:  Home  64-bit
13:24:05  [main] 	XAMPP Version: 5.6.30
13:24:05  [main] 	Control Panel Version: 3.2.2  [ Compiled: Nov 12th 2015 ]
13:24:05  [main] 	You are not running with administrator rights! This will work for
13:24:05  [main] 	most application stuff but whenever you do something with services
13:24:05  [main] 	there will be a security dialogue or things will break! So think 
13:24:05  [main] 	about running this application with administrator rights!
13:24:05  [main] 	XAMPP Installation Directory: "c:\xampp007\"
13:24:05  [main] 	Checking for prerequisites
13:24:05  [main] 	All prerequisites found
13:24:05  [main] 	Initializing Modules
13:24:05  [main] 	Starting Check-Timer
13:24:05  [main] 	Control Panel Ready
13:24:07  [Apache] 	Attempting to start Apache app...
13:24:07  [Apache] 	Status change detected: running
13:24:39  [mysql] 	Attempting to start MySQL app...
13:24:42  [mysql] 	Attempting to start MySQL app...
13:24:42  [mysql] 	Status change detected: running
17:15:15  [mysql] 	Attempting to stop MySQL app...
17:15:15  [mysql] 	Status change detected: stopped
17:15:16  [Apache] 	Attempting to stop Apache (PID: 19380)
17:15:16  [Apache] 	Attempting to stop Apache (PID: 8100)
17:15:16  [Apache] 	Status change detected: stopped
17:15:25  [main] 	Deinitializing Modules
17:15:25  [main] 	Deinitializing Control Panel

19:48:46  [main] 	Initializing Control Panel
19:48:46  [main] 	Windows Version:  Home  64-bit
19:48:46  [main] 	XAMPP Version: 5.6.30
19:48:46  [main] 	Control Panel Version: 3.2.2  [ Compiled: Nov 12th 2015 ]
19:48:46  [main] 	You are not running with administrator rights! This will work for
19:48:46  [main] 	most application stuff but whenever you do something with services
19:48:46  [main] 	there will be a security dialogue or things will break! So think 
19:48:46  [main] 	about running this application with administrator rights!
19:48:46  [main] 	XAMPP Installation Directory: "c:\xampp007\"
19:48:46  [main] 	Checking for prerequisites
19:48:47  [main] 	All prerequisites found
19:48:47  [main] 	Initializing Modules
19:48:47  [main] 	Starting Check-Timer
19:48:47  [main] 	Control Panel Ready
19:48:49  [Apache] 	Attempting to start Apache app...
19:48:49  [Apache] 	Status change detected: running
19:48:56  [mysql] 	Attempting to start MySQL app...
19:48:58  [mysql] 	Status change detected: running
22:24:51  [mysql] 	Attempting to stop MySQL app...
22:24:51  [mysql] 	Status change detected: stopped
22:24:52  [Apache] 	Attempting to stop Apache (PID: 11920)
22:24:52  [Apache] 	Attempting to stop Apache (PID: 11232)
22:24:52  [Apache] 	Status change detected: stopped
22:25:06  [main] 	Deinitializing Modules
22:25:06  [main] 	Deinitializing Control Panel

08:34:12  [main] 	Initializing Control Panel
08:34:12  [main] 	Windows Version:  Home  64-bit
08:34:12  [main] 	XAMPP Version: 5.6.30
08:34:12  [main] 	Control Panel Version: 3.2.2  [ Compiled: Nov 12th 2015 ]
08:34:12  [main] 	You are not running with administrator rights! This will work for
08:34:12  [main] 	most application stuff but whenever you do something with services
08:34:12  [main] 	there will be a security dialogue or things will break! So think 
08:34:12  [main] 	about running this application with administrator rights!
08:34:12  [main] 	XAMPP Installation Directory: "c:\xampp007\"
08:34:12  [main] 	Checking for prerequisites
08:34:14  [main] 	All prerequisites found
08:34:14  [main] 	Initializing Modules
08:34:14  [main] 	Starting Check-Timer
08:34:14  [main] 	Control Panel Ready
08:34:16  [Apache] 	Attempting to start Apache app...
08:34:16  [Apache] 	Status change detected: running
08:34:20  [mysql] 	Attempting to start MySQL app...
08:34:23  [mysql] 	Status change detected: running
09:46:15  [Apache] 	Attempting to stop Apache (PID: 22880)
09:46:15  [Apache] 	Attempting to stop Apache (PID: 17068)
09:46:15  [Apache] 	Status change detected: stopped
09:46:16  [mysql] 	Attempting to stop MySQL app...
09:46:17  [mysql] 	Status change detected: stopped
09:46:24  [main] 	Deinitializing Modules
09:46:24  [main] 	Deinitializing Control Panel

09:47:15  [main] 	Initializing Control Panel
09:47:15  [main] 	Windows Version:  Home  64-bit
09:47:15  [main] 	XAMPP Version: 5.6.30
09:47:15  [main] 	Control Panel Version: 3.2.2  [ Compiled: Nov 12th 2015 ]
09:47:15  [main] 	You are not running with administrator rights! This will work for
09:47:15  [main] 	most application stuff but whenever you do something with services
09:47:15  [main] 	there will be a security dialogue or things will break! So think 
09:47:15  [main] 	about running this application with administrator rights!
09:47:15  [main] 	XAMPP Installation Directory: "c:\xampp007\"
09:47:15  [main] 	Checking for prerequisites
09:47:17  [main] 	All prerequisites found
09:47:17  [main] 	Initializing Modules
09:47:17  [main] 	Starting Check-Timer
09:47:17  [main] 	Control Panel Ready
09:47:19  [Apache] 	Attempting to start Apache app...
09:47:19  [Apache] 	Status change detected: running
09:47:21  [mysql] 	Attempting to start MySQL app...
09:47:21  [mysql] 	Status change detected: running
10:13:34  [mysql] 	Attempting to stop MySQL app...
10:13:35  [mysql] 	Status change detected: stopped
10:13:35  [Apache] 	Attempting to stop Apache (PID: 16976)
10:13:35  [Apache] 	Attempting to stop Apache (PID: 14748)
10:13:36  [Apache] 	Status change detected: stopped
10:13:45  [main] 	Deinitializing Modules
10:13:45  [main] 	Deinitializing Control Panel

12:38:54  [main] 	Initializing Control Panel
12:38:54  [main] 	Windows Version:  Home  64-bit
12:38:54  [main] 	XAMPP Version: 5.6.30
12:38:54  [main] 	Control Panel Version: 3.2.2  [ Compiled: Nov 12th 2015 ]
12:38:54  [main] 	You are not running with administrator rights! This will work for
12:38:54  [main] 	most application stuff but whenever you do something with services
12:38:54  [main] 	there will be a security dialogue or things will break! So think 
12:38:54  [main] 	about running this application with administrator rights!
12:38:54  [main] 	XAMPP Installation Directory: "c:\xampp007\"
12:38:54  [main] 	Checking for prerequisites
12:38:54  [main] 	All prerequisites found
12:38:54  [main] 	Initializing Modules
12:38:54  [main] 	Starting Check-Timer
12:38:54  [main] 	Control Panel Ready
12:38:57  [Apache] 	Attempting to start Apache app...
12:38:58  [Apache] 	Status change detected: running
12:39:00  [mysql] 	Attempting to start MySQL app...
12:39:03  [mysql] 	Status change detected: running
14:52:46  [mysql] 	Attempting to stop MySQL app...
14:52:46  [mysql] 	Status change detected: stopped
14:52:47  [Apache] 	Attempting to stop Apache (PID: 9224)
14:52:47  [Apache] 	Attempting to stop Apache (PID: 15456)
14:52:47  [Apache] 	Status change detected: stopped
14:52:53  [main] 	Deinitializing Modules
14:52:53  [main] 	Deinitializing Control Panel

15:22:50  [main] 	Initializing Control Panel
15:22:50  [main] 	Windows Version:  Home  64-bit
15:22:50  [main] 	XAMPP Version: 5.6.30
15:22:50  [main] 	Control Panel Version: 3.2.2  [ Compiled: Nov 12th 2015 ]
15:22:50  [main] 	You are not running with administrator rights! This will work for
15:22:50  [main] 	most application stuff but whenever you do something with services
15:22:50  [main] 	there will be a security dialogue or things will break! So think 
15:22:50  [main] 	about running this application with administrator rights!
15:22:50  [main] 	XAMPP Installation Directory: "c:\xampp007\"
15:22:50  [main] 	Checking for prerequisites
15:22:50  [main] 	All prerequisites found
15:22:50  [main] 	Initializing Modules
15:22:50  [main] 	Starting Check-Timer
15:22:50  [main] 	Control Panel Ready
15:22:53  [Apache] 	Attempting to start Apache app...
15:22:53  [Apache] 	Status change detected: running
15:22:58  [mysql] 	Attempting to start MySQL app...
15:23:00  [mysql] 	Status change detected: running
17:22:09  [mysql] 	Attempting to stop MySQL app...
17:22:09  [mysql] 	Status change detected: stopped
17:22:10  [Apache] 	Attempting to stop Apache (PID: 5284)
17:22:10  [Apache] 	Attempting to stop Apache (PID: 17588)
17:22:10  [Apache] 	Status change detected: stopped
17:22:21  [main] 	Deinitializing Modules
17:22:21  [main] 	Deinitializing Control Panel

17:47:46  [main] 	Initializing Control Panel
17:47:46  [main] 	Windows Version:  Home  64-bit
17:47:46  [main] 	XAMPP Version: 5.6.30
17:47:46  [main] 	Control Panel Version: 3.2.2  [ Compiled: Nov 12th 2015 ]
17:47:46  [main] 	You are not running with administrator rights! This will work for
17:47:46  [main] 	most application stuff but whenever you do something with services
17:47:46  [main] 	there will be a security dialogue or things will break! So think 
17:47:46  [main] 	about running this application with administrator rights!
17:47:46  [main] 	XAMPP Installation Directory: "c:\xampp007\"
17:47:46  [main] 	Checking for prerequisites
17:47:49  [main] 	All prerequisites found
17:47:49  [main] 	Initializing Modules
17:47:49  [main] 	Starting Check-Timer
17:47:49  [main] 	Control Panel Ready
17:47:51  [Apache] 	Attempting to start Apache app...
17:47:51  [Apache] 	Status change detected: running
17:47:53  [mysql] 	Attempting to start MySQL app...
17:47:55  [mysql] 	Status change detected: running
21:08:16  [mysql] 	Attempting to stop MySQL app...
21:08:16  [mysql] 	Status change detected: stopped
21:08:17  [Apache] 	Attempting to stop Apache (PID: 15660)
21:08:17  [Apache] 	Attempting to stop Apache (PID: 14656)
21:08:17  [Apache] 	Status change detected: stopped
21:08:27  [main] 	Deinitializing Modules
21:08:27  [main] 	Deinitializing Control Panel

21:26:37  [main] 	Initializing Control Panel
21:26:37  [main] 	Windows Version:  Home  64-bit
21:26:37  [main] 	XAMPP Version: 5.6.30
21:26:37  [main] 	Control Panel Version: 3.2.2  [ Compiled: Nov 12th 2015 ]
21:26:37  [main] 	You are not running with administrator rights! This will work for
21:26:37  [main] 	most application stuff but whenever you do something with services
21:26:37  [main] 	there will be a security dialogue or things will break! So think 
21:26:37  [main] 	about running this application with administrator rights!
21:26:37  [main] 	XAMPP Installation Directory: "c:\xampp007\"
21:26:37  [main] 	Checking for prerequisites
21:26:39  [main] 	All prerequisites found
21:26:39  [main] 	Initializing Modules
21:26:39  [main] 	Starting Check-Timer
21:26:39  [main] 	Control Panel Ready
21:26:40  [Apache] 	Attempting to start Apache app...
21:26:41  [Apache] 	Status change detected: running
21:26:43  [mysql] 	Attempting to start MySQL app...
21:26:44  [mysql] 	Status change detected: running
22:43:07  [mysql] 	Attempting to stop MySQL app...
22:43:07  [mysql] 	Status change detected: stopped
22:43:08  [Apache] 	Attempting to stop Apache (PID: 14012)
22:43:08  [Apache] 	Attempting to stop Apache (PID: 2116)
22:43:09  [Apache] 	Status change detected: stopped
22:43:23  [main] 	Deinitializing Modules
22:43:23  [main] 	Deinitializing Control Panel

13:07:53  [main] 	Initializing Control Panel
13:07:53  [main] 	Windows Version:  Home  64-bit
13:07:53  [main] 	XAMPP Version: 5.6.30
13:07:53  [main] 	Control Panel Version: 3.2.2  [ Compiled: Nov 12th 2015 ]
13:07:53  [main] 	You are not running with administrator rights! This will work for
13:07:53  [main] 	most application stuff but whenever you do something with services
13:07:53  [main] 	there will be a security dialogue or things will break! So think 
13:07:53  [main] 	about running this application with administrator rights!
13:07:53  [main] 	XAMPP Installation Directory: "c:\xampp007\"
13:07:53  [main] 	Checking for prerequisites
13:07:54  [main] 	All prerequisites found
13:07:54  [main] 	Initializing Modules
13:07:54  [main] 	Starting Check-Timer
13:07:54  [main] 	Control Panel Ready
13:07:56  [Apache] 	Attempting to start Apache app...
13:07:56  [Apache] 	Status change detected: running
13:07:58  [mysql] 	Attempting to start MySQL app...
13:08:00  [mysql] 	Status change detected: running
15:42:10  [mysql] 	Attempting to stop MySQL app...
15:42:10  [mysql] 	Status change detected: stopped
15:42:11  [Apache] 	Attempting to stop Apache (PID: 19288)
15:42:11  [Apache] 	Attempting to stop Apache (PID: 11720)
15:42:11  [Apache] 	Status change detected: stopped
15:42:16  [main] 	Deinitializing Modules
15:42:16  [main] 	Deinitializing Control Panel

17:58:46  [main] 	Initializing Control Panel
17:58:46  [main] 	Windows Version:  Home  64-bit
17:58:46  [main] 	XAMPP Version: 5.6.30
17:58:46  [main] 	Control Panel Version: 3.2.2  [ Compiled: Nov 12th 2015 ]
17:58:46  [main] 	You are not running with administrator rights! This will work for
17:58:46  [main] 	most application stuff but whenever you do something with services
17:58:46  [main] 	there will be a security dialogue or things will break! So think 
17:58:46  [main] 	about running this application with administrator rights!
17:58:46  [main] 	XAMPP Installation Directory: "c:\xampp007\"
17:58:46  [main] 	Checking for prerequisites
17:58:47  [main] 	All prerequisites found
17:58:47  [main] 	Initializing Modules
17:58:47  [main] 	Starting Check-Timer
17:58:47  [main] 	Control Panel Ready
17:58:52  [Apache] 	Attempting to start Apache app...
17:58:52  [Apache] 	Status change detected: running
17:58:58  [mysql] 	Attempting to start MySQL app...
17:59:03  [mysql] 	Status change detected: running
17:59:35  [mysql] 	Attempting to stop MySQL app...
17:59:35  [mysql] 	Status change detected: stopped
17:59:36  [Apache] 	Attempting to stop Apache (PID: 11736)
17:59:36  [Apache] 	Attempting to stop Apache (PID: 19088)
17:59:36  [Apache] 	Status change detected: stopped
17:59:43  [main] 	Deinitializing Modules
17:59:43  [main] 	Deinitializing Control Panel

19:43:51  [main] 	Initializing Control Panel
19:43:51  [main] 	Windows Version:  Home  64-bit
19:43:51  [main] 	XAMPP Version: 5.6.30
19:43:51  [main] 	Control Panel Version: 3.2.2  [ Compiled: Nov 12th 2015 ]
19:43:51  [main] 	You are not running with administrator rights! This will work for
19:43:51  [main] 	most application stuff but whenever you do something with services
19:43:51  [main] 	there will be a security dialogue or things will break! So think 
19:43:51  [main] 	about running this application with administrator rights!
19:43:51  [main] 	XAMPP Installation Directory: "c:\xampp007\"
19:43:51  [main] 	Checking for prerequisites
19:43:51  [main] 	All prerequisites found
19:43:51  [main] 	Initializing Modules
19:43:51  [main] 	Starting Check-Timer
19:43:51  [main] 	Control Panel Ready
19:43:53  [Apache] 	Attempting to start Apache app...
19:43:53  [Apache] 	Status change detected: running
19:43:54  [mysql] 	Attempting to start MySQL app...
19:43:55  [mysql] 	Status change detected: running
20:11:14  [mysql] 	Attempting to stop MySQL app...
20:11:14  [mysql] 	Status change detected: stopped
20:11:15  [Apache] 	Attempting to stop Apache (PID: 12928)
20:11:15  [Apache] 	Attempting to stop Apache (PID: 5600)
20:11:15  [Apache] 	Status change detected: stopped
20:11:21  [main] 	Deinitializing Modules
20:11:21  [main] 	Deinitializing Control Panel

08:50:59  [main] 	Initializing Control Panel
08:50:59  [main] 	Windows Version:  Home  64-bit
08:50:59  [main] 	XAMPP Version: 5.6.30
08:50:59  [main] 	Control Panel Version: 3.2.2  [ Compiled: Nov 12th 2015 ]
08:50:59  [main] 	You are not running with administrator rights! This will work for
08:50:59  [main] 	most application stuff but whenever you do something with services
08:50:59  [main] 	there will be a security dialogue or things will break! So think 
08:50:59  [main] 	about running this application with administrator rights!
08:50:59  [main] 	XAMPP Installation Directory: "c:\xampp007\"
08:50:59  [main] 	Checking for prerequisites
08:50:59  [main] 	All prerequisites found
08:50:59  [main] 	Initializing Modules
08:50:59  [main] 	Starting Check-Timer
08:50:59  [main] 	Control Panel Ready
08:51:01  [Apache] 	Attempting to start Apache app...
08:51:01  [Apache] 	Status change detected: running
08:51:04  [mysql] 	Attempting to start MySQL app...
08:51:06  [mysql] 	Status change detected: running
11:53:41  [main] 	Deinitializing Modules
11:53:41  [main] 	Deinitializing Control Panel

12:35:03  [main] 	Initializing Control Panel
12:35:03  [main] 	Windows Version:  Home  64-bit
12:35:03  [main] 	XAMPP Version: 5.6.30
12:35:03  [main] 	Control Panel Version: 3.2.2  [ Compiled: Nov 12th 2015 ]
12:35:03  [main] 	You are not running with administrator rights! This will work for
12:35:03  [main] 	most application stuff but whenever you do something with services
12:35:03  [main] 	there will be a security dialogue or things will break! So think 
12:35:03  [main] 	about running this application with administrator rights!
12:35:03  [main] 	XAMPP Installation Directory: "c:\xampp007\"
12:35:03  [main] 	Checking for prerequisites
12:35:04  [main] 	All prerequisites found
12:35:04  [main] 	Initializing Modules
12:35:04  [main] 	Starting Check-Timer
12:35:04  [main] 	Control Panel Ready
12:35:06  [Apache] 	Attempting to start Apache app...
12:35:06  [Apache] 	Status change detected: running
12:35:24  [mysql] 	Attempting to start MySQL app...
12:35:25  [mysql] 	Status change detected: running
16:27:37  [mysql] 	Attempting to stop MySQL app...
16:27:38  [mysql] 	Status change detected: stopped
16:27:39  [Apache] 	Attempting to stop Apache (PID: 4844)
16:27:39  [Apache] 	Attempting to stop Apache (PID: 11312)
16:27:39  [Apache] 	Status change detected: stopped
16:27:47  [main] 	Deinitializing Modules
16:27:47  [main] 	Deinitializing Control Panel

16:36:03  [main] 	Initializing Control Panel
16:36:03  [main] 	Windows Version:  Home  64-bit
16:36:03  [main] 	XAMPP Version: 5.6.30
16:36:03  [main] 	Control Panel Version: 3.2.2  [ Compiled: Nov 12th 2015 ]
16:36:03  [main] 	You are not running with administrator rights! This will work for
16:36:03  [main] 	most application stuff but whenever you do something with services
16:36:03  [main] 	there will be a security dialogue or things will break! So think 
16:36:03  [main] 	about running this application with administrator rights!
16:36:03  [main] 	XAMPP Installation Directory: "c:\xampp007\"
16:36:03  [main] 	Checking for prerequisites
16:36:03  [main] 	All prerequisites found
16:36:03  [main] 	Initializing Modules
16:36:03  [main] 	Starting Check-Timer
16:36:03  [main] 	Control Panel Ready
16:36:05  [Apache] 	Attempting to start Apache app...
16:36:05  [Apache] 	Status change detected: running
16:36:12  [mysql] 	Attempting to start MySQL app...
16:36:13  [mysql] 	Status change detected: running
17:15:13  [mysql] 	Attempting to stop MySQL app...
17:15:13  [mysql] 	Status change detected: stopped
17:15:14  [Apache] 	Attempting to stop Apache (PID: 20772)
17:15:14  [Apache] 	Attempting to stop Apache (PID: 15232)
17:15:14  [Apache] 	Status change detected: stopped
17:16:47  [main] 	Deinitializing Modules
17:16:47  [main] 	Deinitializing Control Panel

14:23:20  [main] 	Initializing Control Panel
14:23:20  [main] 	Windows Version:  Home  64-bit
14:23:20  [main] 	XAMPP Version: 5.6.30
14:23:20  [main] 	Control Panel Version: 3.2.2  [ Compiled: Nov 12th 2015 ]
14:23:20  [main] 	You are not running with administrator rights! This will work for
14:23:20  [main] 	most application stuff but whenever you do something with services
14:23:20  [main] 	there will be a security dialogue or things will break! So think 
14:23:20  [main] 	about running this application with administrator rights!
14:23:20  [main] 	XAMPP Installation Directory: "c:\xampp007\"
14:23:20  [main] 	Checking for prerequisites
14:23:20  [main] 	All prerequisites found
14:23:20  [main] 	Initializing Modules
14:23:20  [Apache] 	XAMPP Apache is already running on port 80
14:23:20  [Apache] 	XAMPP Apache is already running on port 443
14:23:20  [mysql] 	XAMPP MySQL is already running on port 3306
14:23:20  [main] 	Starting Check-Timer
14:23:20  [main] 	Control Panel Ready
14:33:05  [mysql] 	Attempting to stop MySQL app...
14:33:05  [mysql] 	Status change detected: stopped
14:33:06  [Apache] 	Attempting to stop Apache (PID: 24720)
14:33:06  [Apache] 	Attempting to stop Apache (PID: 22580)
14:33:06  [Apache] 	Status change detected: stopped
16:00:07  [Apache] 	Status change detected: running
16:00:18  [mysql] 	Status change detected: running
19:09:48  [main] 	Deinitializing Modules
19:09:48  [main] 	Deinitializing Control Panel

14:12:02  [main] 	Initializing Control Panel
14:12:02  [main] 	Windows Version:  Home  64-bit
14:12:02  [main] 	XAMPP Version: 5.6.30
14:12:02  [main] 	Control Panel Version: 3.2.2  [ Compiled: Nov 12th 2015 ]
14:12:02  [main] 	You are not running with administrator rights! This will work for
14:12:02  [main] 	most application stuff but whenever you do something with services
14:12:02  [main] 	there will be a security dialogue or things will break! So think 
14:12:02  [main] 	about running this application with administrator rights!
14:12:02  [main] 	XAMPP Installation Directory: "c:\xampp007\"
14:12:02  [main] 	Checking for prerequisites
14:12:03  [main] 	All prerequisites found
14:12:03  [main] 	Initializing Modules
14:12:03  [main] 	Starting Check-Timer
14:12:03  [main] 	Control Panel Ready
14:12:07  [Apache] 	Attempting to start Apache app...
14:12:08  [Apache] 	Status change detected: running
14:12:08  [mysql] 	Attempting to start MySQL app...
14:12:10  [mysql] 	Status change detected: running
14:33:05  [mysql] 	Status change detected: stopped
14:33:05  [mysql] 	Error: MySQL shutdown unexpectedly.
14:33:05  [mysql] 	This may be due to a blocked port, missing dependencies, 
14:33:05  [mysql] 	improper privileges, a crash, or a shutdown by another method.
14:33:05  [mysql] 	Press the Logs button to view error logs and check
14:33:05  [mysql] 	the Windows Event Viewer for more clues
14:33:05  [mysql] 	If you need more help, copy and post this
14:33:05  [mysql] 	entire log window on the forums
14:33:06  [Apache] 	Status change detected: stopped
14:33:06  [Apache] 	Error: Apache shutdown unexpectedly.
14:33:06  [Apache] 	This may be due to a blocked port, missing dependencies, 
14:33:06  [Apache] 	improper privileges, a crash, or a shutdown by another method.
14:33:06  [Apache] 	Press the Logs button to view error logs and check
14:33:06  [Apache] 	the Windows Event Viewer for more clues
14:33:06  [Apache] 	If you need more help, copy and post this
14:33:06  [Apache] 	entire log window on the forums
16:00:07  [Apache] 	Status change detected: running
16:00:18  [mysql] 	Status change detected: running
19:09:48  [main] 	Deinitializing Modules
19:09:48  [main] 	Deinitializing Control Panel

19:45:51  [main] 	Initializing Control Panel
19:45:51  [main] 	Windows Version:  Home  64-bit
19:45:51  [main] 	XAMPP Version: 5.6.30
19:45:51  [main] 	Control Panel Version: 3.2.2  [ Compiled: Nov 12th 2015 ]
19:45:51  [main] 	You are not running with administrator rights! This will work for
19:45:51  [main] 	most application stuff but whenever you do something with services
19:45:51  [main] 	there will be a security dialogue or things will break! So think 
19:45:51  [main] 	about running this application with administrator rights!
19:45:51  [main] 	XAMPP Installation Directory: "c:\xampp007\"
19:45:51  [main] 	Checking for prerequisites
19:45:51  [main] 	All prerequisites found
19:45:51  [main] 	Initializing Modules
19:45:51  [main] 	Starting Check-Timer
19:45:51  [main] 	Control Panel Ready
19:45:53  [Apache] 	Attempting to start Apache app...
19:45:54  [Apache] 	Status change detected: running
19:45:54  [mysql] 	Attempting to start MySQL app...
19:45:56  [mysql] 	Status change detected: running
20:41:55  [mysql] 	Attempting to stop MySQL app...
20:41:56  [mysql] 	Status change detected: stopped
20:41:57  [Apache] 	Attempting to stop Apache (PID: 6156)
20:41:57  [Apache] 	Attempting to stop Apache (PID: 22512)
20:41:57  [Apache] 	Status change detected: stopped
20:42:04  [main] 	Deinitializing Modules
20:42:04  [main] 	Deinitializing Control Panel

11:52:51  [main] 	Initializing Control Panel
11:52:51  [main] 	Windows Version:  Home  64-bit
11:52:51  [main] 	XAMPP Version: 5.6.30
11:52:51  [main] 	Control Panel Version: 3.2.2  [ Compiled: Nov 12th 2015 ]
11:52:51  [main] 	You are not running with administrator rights! This will work for
11:52:51  [main] 	most application stuff but whenever you do something with services
11:52:51  [main] 	there will be a security dialogue or things will break! So think 
11:52:51  [main] 	about running this application with administrator rights!
11:52:51  [main] 	XAMPP Installation Directory: "c:\xampp007\"
11:52:51  [main] 	Checking for prerequisites
11:52:52  [main] 	All prerequisites found
11:52:52  [main] 	Initializing Modules
11:52:52  [main] 	Starting Check-Timer
11:52:52  [main] 	Control Panel Ready
11:52:54  [Apache] 	Attempting to start Apache app...
11:52:54  [Apache] 	Status change detected: running
11:53:00  [mysql] 	Attempting to start MySQL app...
11:53:02  [mysql] 	Status change detected: running
13:16:02  [mysql] 	Attempting to stop MySQL app...
13:16:02  [mysql] 	Status change detected: stopped
13:16:03  [Apache] 	Attempting to stop Apache (PID: 4200)
13:16:03  [Apache] 	Attempting to stop Apache (PID: 8604)
13:16:03  [Apache] 	Status change detected: stopped
15:17:30  [main] 	Deinitializing Modules
15:17:30  [main] 	Deinitializing Control Panel

